{
  "version": "1.5.0",
  "plugins_used": [
    {
      "name": "ArtifactoryDetector"
    },
    {
      "name": "AWSKeyDetector"
    },
    {
      "name": "AzureStorageKeyDetector"
    },
    {
      "name": "Base64HighEntropyString",
      "limit": 4.5
    },
    {
      "name": "BasicAuthDetector"
    },
    {
      "name": "CloudantDetector"
    },
    {
      "name": "DiscordBotTokenDetector"
    },
    {
      "name": "GitHubTokenDetector"
    },
    {
      "name": "GitLabTokenDetector"
    },
    {
      "name": "HexHighEntropyString",
      "limit": 3.0
    },
    {
      "name": "IbmCloudIamDetector"
    },
    {
      "name": "IbmCosHmacDetector"
    },
    {
      "name": "IPPublicDetector"
    },
    {
      "name": "JwtTokenDetector"
    },
    {
      "name": "KeywordDetector",
      "keyword_exclude": ""
    },
    {
      "name": "MailchimpDetector"
    },
    {
      "name": "NpmDetector"
    },
    {
      "name": "OpenAIDetector"
    },
    {
      "name": "PrivateKeyDetector"
    },
    {
      "name": "PypiTokenDetector"
    },
    {
      "name": "SendGridDetector"
    },
    {
      "name": "SlackDetector"
    },
    {
      "name": "SoftlayerDetector"
    },
    {
      "name": "SquareOAuthDetector"
    },
    {
      "name": "StripeDetector"
    },
    {
      "name": "TelegramBotTokenDetector"
    },
    {
      "name": "TwilioKeyDetector"
    }
  ],
  "filters_used": [
    {
      "path": "detect_secrets.filters.allowlist.is_line_allowlisted"
    },
    {
      "path": "detect_secrets.filters.common.is_baseline_file",
      "filename": ".secrets.baseline"
    },
    {
      "path": "detect_secrets.filters.common.is_ignored_due_to_verification_policies",
      "min_level": 2
    },
    {
      "path": "detect_secrets.filters.heuristic.is_indirect_reference"
    },
    {
      "path": "detect_secrets.filters.heuristic.is_likely_id_string"
    },
    {
      "path": "detect_secrets.filters.heuristic.is_lock_file"
    },
    {
      "path": "detect_secrets.filters.heuristic.is_not_alphanumeric_string"
    },
    {
      "path": "detect_secrets.filters.heuristic.is_potential_uuid"
    },
    {
      "path": "detect_secrets.filters.heuristic.is_prefixed_with_dollar_sign"
    },
    {
      "path": "detect_secrets.filters.heuristic.is_sequential_string"
    },
    {
      "path": "detect_secrets.filters.heuristic.is_swagger_file"
    },
    {
      "path": "detect_secrets.filters.heuristic.is_templated_secret"
    },
    {
      "path": "detect_secrets.filters.regex.should_exclude_file",
      "pattern": [
        "package-lock.json",
        "node_modules/",
        "coverage/"
      ]
    }
  ],
  "results": {
    ".devcontainer/install-tools.sh": [
      {
        "type": "Base64 High Entropy String",
        "filename": ".devcontainer/install-tools.sh",
        "hashed_secret": "0d1db3147aca7f8a139ce7889506e98b30a4790d",
        "is_verified": false,
        "line_number": 31
      },
      {
        "type": "GitHub Token",
        "filename": ".devcontainer/install-tools.sh",
        "hashed_secret": "ba29d6bfac4cd7b866a3d05103c38031a921ba88",
        "is_verified": false,
        "line_number": 31
      }
    ],
    ".github/chatmodes/DevOPS.chatmode.md": [
      {
        "type": "Secret Keyword",
        "filename": ".github/chatmodes/DevOPS.chatmode.md",
        "hashed_secret": "83e313c6182d6ec17e9237914b9986749c494a71",
        "is_verified": false,
        "line_number": 905,
        "is_secret": false
      }
    ],
    ".github/workflows/gemini-dispatch.yml": [
      {
        "type": "Secret Keyword",
        "filename": ".github/workflows/gemini-dispatch.yml",
        "hashed_secret": "3e26d6750975d678acb8fa35a0f69237881576b0",
        "is_verified": false,
        "line_number": 138,
        "is_secret": false
      }
    ],
    "backend/__tests__/integration/auth.test.js": [
      {
        "type": "Secret Keyword",
        "filename": "backend/__tests__/integration/auth.test.js",
        "hashed_secret": "b2e98ad6f6eb8508dd6a14cfa704bad7f05f6fb1",
        "is_verified": false,
        "line_number": 120,
        "is_secret": false
      },
      {
        "type": "Secret Keyword",
        "filename": "backend/__tests__/integration/auth.test.js",
        "hashed_secret": "1ded3053d0363079a4e681a3b700435d6d880290",
        "is_verified": false,
        "line_number": 147,
        "is_secret": false
      },
      {
        "type": "Secret Keyword",
        "filename": "backend/__tests__/integration/auth.test.js",
        "hashed_secret": "5baa61e4c9b93f3f0682250b6cf8331b7ee68fd8",
        "is_verified": false,
        "line_number": 159,
        "is_secret": true
      },
      {
        "type": "Secret Keyword",
        "filename": "backend/__tests__/integration/auth.test.js",
        "hashed_secret": "556a8d1d9e00ca7eee7dd772750f90edc764528a",
        "is_verified": false,
        "line_number": 195
      },
      {
        "type": "Secret Keyword",
        "filename": "backend/__tests__/integration/auth.test.js",
        "hashed_secret": "14578ef6b92cbaea2e5c8678a7cf1ed2b665a6c8",
        "is_verified": false,
        "line_number": 247
      }
    ],
    "backend/__tests__/integration/rateLimiter.test.js": [
      {
        "type": "Secret Keyword",
        "filename": "backend/__tests__/integration/rateLimiter.test.js",
        "hashed_secret": "cbfdac6008f9cab4083784cbd1874f76618d2a97",
        "is_verified": false,
        "line_number": 56
      },
      {
        "type": "Secret Keyword",
        "filename": "backend/__tests__/integration/rateLimiter.test.js",
        "hashed_secret": "9d4e1e23bd5b727046a9e3b4b7db57bd8d6ee684",
        "is_verified": false,
        "line_number": 72
      }
    ],
    "backend/__tests__/unit/controllers/authController.test.js": [
      {
        "type": "Secret Keyword",
        "filename": "backend/__tests__/unit/controllers/authController.test.js",
        "hashed_secret": "b2e98ad6f6eb8508dd6a14cfa704bad7f05f6fb1",
        "is_verified": false,
        "line_number": 43
      }
    ],
    "backend/__tests__/unit/controllers/dataController.notifications.test.js": [
      {
        "type": "Hex High Entropy String",
        "filename": "backend/__tests__/unit/controllers/dataController.notifications.test.js",
        "hashed_secret": "960903f95946e89e7a21ab56be937700ab2fcc15",
        "is_verified": false,
        "line_number": 139
      }
    ],
    "backend/__tests__/unit/controllers/dataController.test.js": [
      {
        "type": "Hex High Entropy String",
        "filename": "backend/__tests__/unit/controllers/dataController.test.js",
        "hashed_secret": "960903f95946e89e7a21ab56be937700ab2fcc15",
        "is_verified": false,
        "line_number": 110
      }
    ],
    "backend/__tests__/unit/models/User.test.js": [
      {
        "type": "Secret Keyword",
        "filename": "backend/__tests__/unit/models/User.test.js",
        "hashed_secret": "b2e98ad6f6eb8508dd6a14cfa704bad7f05f6fb1",
        "is_verified": false,
        "line_number": 18
      },
      {
        "type": "Secret Keyword",
        "filename": "backend/__tests__/unit/models/User.test.js",
        "hashed_secret": "20b05c695ef1f14caa80ab1ce617d503ba9de093",
        "is_verified": false,
        "line_number": 32
      },
      {
        "type": "Secret Keyword",
        "filename": "backend/__tests__/unit/models/User.test.js",
        "hashed_secret": "0d2035811901519819b9b679a73900583a42944a",
        "is_verified": false,
        "line_number": 145
      },
      {
        "type": "Secret Keyword",
        "filename": "backend/__tests__/unit/models/User.test.js",
        "hashed_secret": "6620f754083183a7aedef6a114c4d8fceb3d1a4d",
        "is_verified": false,
        "line_number": 186
      },
      {
        "type": "Secret Keyword",
        "filename": "backend/__tests__/unit/models/User.test.js",
        "hashed_secret": "e24114b7e08681dc91c43a0a76e8b7c14f8c2fb8",
        "is_verified": false,
        "line_number": 216
      }
    ],
    "backend/__tests__/unit/security/rate-limit-auth.test.js": [
      {
        "type": "Secret Keyword",
        "filename": "backend/__tests__/unit/security/rate-limit-auth.test.js",
        "hashed_secret": "b5bc013af872265e389b3abee36dd4932a206ab8",
        "is_verified": false,
        "line_number": 35
      },
      {
        "type": "Secret Keyword",
        "filename": "backend/__tests__/unit/security/rate-limit-auth.test.js",
        "hashed_secret": "7288edd0fc3ffcbe93a0cf06e3568e28521687bc",
        "is_verified": false,
        "line_number": 52
      },
      {
        "type": "Secret Keyword",
        "filename": "backend/__tests__/unit/security/rate-limit-auth.test.js",
        "hashed_secret": "a4b48a81cdab1e1a5dd37907d6c85ca1c61ddc7c",
        "is_verified": false,
        "line_number": 61
      },
      {
        "type": "Secret Keyword",
        "filename": "backend/__tests__/unit/security/rate-limit-auth.test.js",
        "hashed_secret": "3546d60d701990f387b9d83a9c04af88e062dd08",
        "is_verified": false,
        "line_number": 89
      },
      {
        "type": "Secret Keyword",
        "filename": "backend/__tests__/unit/security/rate-limit-auth.test.js",
        "hashed_secret": "bd02761492ced258ad0cc0af9849f737973d8c31",
        "is_verified": false,
        "line_number": 94
      },
      {
        "type": "Secret Keyword",
        "filename": "backend/__tests__/unit/security/rate-limit-auth.test.js",
        "hashed_secret": "63d2a5a2c100a4b83ee0261730a5f342ed4ec27a",
        "is_verified": false,
        "line_number": 99
      }
    ],
    "backend/__tests__/unit/websocket/validators.test.js": [
      {
        "type": "Hex High Entropy String",
        "filename": "backend/__tests__/unit/websocket/validators.test.js",
        "hashed_secret": "960903f95946e89e7a21ab56be937700ab2fcc15",
        "is_verified": false,
        "line_number": 110
      }
    ],
    "backend/src/config/mongo-init.js": [
      {
        "type": "Secret Keyword",
        "filename": "backend/src/config/mongo-init.js",
        "hashed_secret": "2ed0c00b11d25957346505eaf189742ef1983f27",
        "is_verified": false,
        "line_number": 10
      }
    ],
    "backend/src/openapi.yaml": [
      {
        "type": "Hex High Entropy String",
        "filename": "backend/src/openapi.yaml",
        "hashed_secret": "960903f95946e89e7a21ab56be937700ab2fcc15",
        "is_verified": false,
        "line_number": 195
      },
      {
        "type": "Secret Keyword",
        "filename": "backend/src/openapi.yaml",
        "hashed_secret": "463d8353f4b927fd953e5af7c41084183e8ce5fb",
        "is_verified": false,
        "line_number": 452
      }
    ],
    "bin/gemini-helper.js": [
      {
        "type": "Secret Keyword",
        "filename": "bin/gemini-helper.js",
        "hashed_secret": "11fa7c37d697f30e6aee828b4426a10f83ab2380",
        "is_verified": false,
        "line_number": 16
      }
    ],
    "docker-compose.yml": [
      {
        "type": "Secret Keyword",
        "filename": "docker-compose.yml",
        "hashed_secret": "607abf1e49424125e2fdb60330629d4e671ccb30",
        "is_verified": false,
        "line_number": 25
      },
      {
        "type": "Basic Auth Credentials",
        "filename": "docker-compose.yml",
        "hashed_secret": "607abf1e49424125e2fdb60330629d4e671ccb30",
        "is_verified": false,
        "line_number": 60
      },
      {
        "type": "Secret Keyword",
        "filename": "docker-compose.yml",
        "hashed_secret": "020979523acde1868251d522582ce1cfea12f33c",
        "is_verified": false,
        "line_number": 62
      }
    ],
    "docs/API.md": [
      {
        "type": "Secret Keyword",
        "filename": "docs/API.md",
        "hashed_secret": "20b05c695ef1f14caa80ab1ce617d503ba9de093",
        "is_verified": false,
        "line_number": 350
      },
      {
        "type": "Hex High Entropy String",
        "filename": "docs/API.md",
        "hashed_secret": "4aad81b82c54b35a326e72bb41999cf64cb5300a",
        "is_verified": false,
        "line_number": 702
      },
      {
        "type": "Hex High Entropy String",
        "filename": "docs/API.md",
        "hashed_secret": "960903f95946e89e7a21ab56be937700ab2fcc15",
        "is_verified": false,
        "line_number": 721
      },
      {
        "type": "Hex High Entropy String",
        "filename": "docs/API.md",
        "hashed_secret": "3f5f77f57177e7a59cd3b41997689b30aa868b05",
        "is_verified": false,
        "line_number": 1125
      },
      {
        "type": "Secret Keyword",
        "filename": "docs/API.md",
        "hashed_secret": "b2e98ad6f6eb8508dd6a14cfa704bad7f05f6fb1",
        "is_verified": false,
        "line_number": 1484
      }
    ],
    "docs/DEPLOYMENT.md": [
      {
        "type": "Secret Keyword",
        "filename": "docs/DEPLOYMENT.md",
        "hashed_secret": "45d676e7c6ab44cf4b8fa366ef2d8fccd3e6d6e6",
        "is_verified": false,
        "line_number": 496
      }
    ],
    "docs/EXTENSIONS.md": [
      {
        "type": "Basic Auth Credentials",
        "filename": "docs/EXTENSIONS.md",
        "hashed_secret": "ff9cd7cedc6ee0e00900e6973a39a2f5c8dc3710",
        "is_verified": false,
        "line_number": 26
      }
    ],
    "docs/SECURITY.md": [
      {
        "type": "Secret Keyword",
        "filename": "docs/SECURITY.md",
        "hashed_secret": "ade60ed743becae450e6b52cd25cf7e0f4f65414",
        "is_verified": false,
        "line_number": 112
      },
      {
        "type": "Secret Keyword",
        "filename": "docs/SECURITY.md",
        "hashed_secret": "b1eecbe3e898da970104062c787e4bb510a0cffc",
        "is_verified": false,
        "line_number": 117
      },
      {
        "type": "Basic Auth Credentials",
        "filename": "docs/SECURITY.md",
        "hashed_secret": "eaec42ede67acb45ff1b315b958d55b6871519ed",
        "is_verified": false,
        "line_number": 471
      }
    ],
    "docs/TESTING.md": [
      {
        "type": "Secret Keyword",
        "filename": "docs/TESTING.md",
        "hashed_secret": "a4b48a81cdab1e1a5dd37907d6c85ca1c61ddc7c",
        "is_verified": false,
        "line_number": 427
      }
    ],
    "docs/VSCODE_SERVER.md": [
      {
        "type": "Basic Auth Credentials",
        "filename": "docs/VSCODE_SERVER.md",
        "hashed_secret": "ff9cd7cedc6ee0e00900e6973a39a2f5c8dc3710",
        "is_verified": false,
        "line_number": 77
      }
    ],
    "docs/WEBSOCKET.md": [
      {
        "type": "Hex High Entropy String",
        "filename": "docs/WEBSOCKET.md",
        "hashed_secret": "960903f95946e89e7a21ab56be937700ab2fcc15",
        "is_verified": false,
        "line_number": 551
      }
    ],
    "docs/backend-setup.md": [
      {
        "type": "Secret Keyword",
        "filename": "docs/backend-setup.md",
        "hashed_secret": "b2e98ad6f6eb8508dd6a14cfa704bad7f05f6fb1",
        "is_verified": false,
        "line_number": 202
      }
    ],
    "docs/examples.md": [
      {
        "type": "Secret Keyword",
        "filename": "docs/examples.md",
        "hashed_secret": "cbfdac6008f9cab4083784cbd1874f76618d2a97",
        "is_verified": false,
        "line_number": 32
      },
      {
        "type": "Secret Keyword",
        "filename": "docs/examples.md",
        "hashed_secret": "0993d57952a536720aaacf664fad2fcc36e3b68b",
        "is_verified": false,
        "line_number": 96
      }
    ],
    "docs/examples/notification-demo.md": [
      {
        "type": "Hex High Entropy String",
        "filename": "docs/examples/notification-demo.md",
        "hashed_secret": "960903f95946e89e7a21ab56be937700ab2fcc15",
        "is_verified": false,
        "line_number": 126
      }
    ],
    "frontend/__tests__/e2e/auth-flow.spec.js": [
      {
        "type": "Secret Keyword",
        "filename": "frontend/__tests__/e2e/auth-flow.spec.js",
        "hashed_secret": "07b4cd23ef6097c569b78faa8e3350655a9a231b",
        "is_verified": false,
        "line_number": 6
      }
    ],
    "frontend/__tests__/unit/auth/AuthContext.test.jsx": [
      {
        "type": "Secret Keyword",
        "filename": "frontend/__tests__/unit/auth/AuthContext.test.jsx",
        "hashed_secret": "cbfdac6008f9cab4083784cbd1874f76618d2a97",
        "is_verified": false,
        "line_number": 61
      }
    ],
    "frontend/src/components/auth/LoginForm.jsx": [
      {
        "type": "Secret Keyword",
        "filename": "frontend/src/components/auth/LoginForm.jsx",
        "hashed_secret": "6c56a9249cba324d029f725f1f7c0e47184e2dcf",
        "is_verified": false,
        "line_number": 23
      },
      {
        "type": "Secret Keyword",
        "filename": "frontend/src/components/auth/LoginForm.jsx",
        "hashed_secret": "c017527b229f308f8ee200eb3139ddb9f11f97da",
        "is_verified": false,
        "line_number": 25
      }
    ],
    "frontend/src/components/auth/RegisterForm.jsx": [
      {
        "type": "Secret Keyword",
        "filename": "frontend/src/components/auth/RegisterForm.jsx",
        "hashed_secret": "6c56a9249cba324d029f725f1f7c0e47184e2dcf",
        "is_verified": false,
        "line_number": 41
      },
      {
        "type": "Secret Keyword",
        "filename": "frontend/src/components/auth/RegisterForm.jsx",
        "hashed_secret": "3e7d56a95804ff3c322b97a7e7cdba25dc920957",
        "is_verified": false,
        "line_number": 43
      },
      {
        "type": "Secret Keyword",
        "filename": "frontend/src/components/auth/RegisterForm.jsx",
        "hashed_secret": "9acbb3b0b4ed15d868006b7d9455b6c163d8a91f",
        "is_verified": false,
        "line_number": 45
      },
      {
        "type": "Secret Keyword",
        "filename": "frontend/src/components/auth/RegisterForm.jsx",
        "hashed_secret": "51d69ae6046d2a3be245449d5b38165d5d78def5",
        "is_verified": false,
        "line_number": 49
      },
      {
        "type": "Secret Keyword",
        "filename": "frontend/src/components/auth/RegisterForm.jsx",
        "hashed_secret": "d69c3b1ac54be7da3666d9937b9c78e7c309d6e8",
        "is_verified": false,
        "line_number": 51
      }
    ]
  },
  "generated_at": "2025-10-06T17:08:55Z"
}
